[2026-08-25T16:12:05.034070+00:00] seed_inicial | - (listing None) | 170 personajes cargados
[2026-08-25T16:46:12.964033+00:00] WARN no se pudo traer el detalle del listing 552: Page.evaluate: TypeError: Failed to fetch
    at eval (eval at evaluate (:302:30), <anonymous>:1:8)
    at UtilityScript.evaluate (<anonymous>:309:18)
    at UtilityScript.<anonymous> (<anonymous>:1:44)
[2026-08-25T16:46:32.562723+00:00] WARN no se pudo traer el detalle del listing 549: Page.evaluate: TypeError: Failed to fetch
    at eval (eval at evaluate (:302:30), <anonymous>:1:8)
    at UtilityScript.evaluate (<anonymous>:309:18)
    at UtilityScript.<anonymous> (<anonymous>:1:44)
[2026-08-25T16:47:01.052282+00:00] WARN no se pudo traer el detalle del listing 538: Page.evaluate: TypeError: Failed to fetch
    at eval (eval at evaluate (:302:30), <anonymous>:1:8)
    at UtilityScript.evaluate (<anonymous>:309:18)
    at UtilityScript.<anonymous> (<anonymous>:1:44)
[2026-08-25T16:47:01.140797+00:00] WARN no se pudo traer el detalle del listing 542: Page.evaluate: TypeError: Failed to fetch
    at eval (eval at evaluate (:302:30), <anonymous>:1:8)
    at UtilityScript.evaluate (<anonymous>:309:18)
    at UtilityScript.<anonymous> (<anonymous>:1:44)
[2026-08-25T16:47:05.637771+00:00] WARN no se pudo traer el detalle del listing 537: Page.evaluate: TypeError: Failed to fetch
    at eval (eval at evaluate (:302:30), <anonymous>:1:8)
    at UtilityScript.evaluate (<anonymous>:309:18)
    at UtilityScript.<anonymous> (<anonymous>:1:44)
[2026-08-25T16:47:05.723163+00:00] WARN no se pudo traer el detalle del listing 541: Page.evaluate: TypeError: Failed to fetch
    at eval (eval at evaluate (:302:30), <anonymous>:1:8)
    at UtilityScript.evaluate (<anonymous>:309:18)
    at UtilityScript.<anonymous> (<anonymous>:1:44)
[2026-08-25T16:47:22.981984+00:00] WARN no se pudo traer el detalle del listing 527: Page.evaluate: TypeError: Failed to fetch
    at eval (eval at evaluate (:302:30), <anonymous>:1:8)
    at UtilityScript.evaluate (<anonymous>:309:18)
    at UtilityScript.<anonymous> (<anonymous>:1:44)
[2026-08-25T16:47:23.259465+00:00] WARN no se pudo traer el detalle del listing 525: Page.evaluate: TypeError: Failed to fetch
    at eval (eval at evaluate (:302:30), <anonymous>:1:8)
    at UtilityScript.evaluate (<anonymous>:309:18)
    at UtilityScript.<anonymous> (<anonymous>:1:44)
[2026-08-25T16:47:27.566775+00:00] WARN no se pudo traer el detalle del listing 525: Page.evaluate: TypeError: Failed to fetch
    at eval (eval at evaluate (:302:30), <anonymous>:1:8)
    at UtilityScript.evaluate (<anonymous>:309:18)
    at UtilityScript.<anonymous> (<anonymous>:1:44)
[2026-08-25T16:47:27.832427+00:00] WARN no se pudo traer el detalle del listing 524: Page.evaluate: TypeError: Failed to fetch
    at eval (eval at evaluate (:302:30), <anonymous>:1:8)
    at UtilityScript.evaluate (<anonymous>:309:18)
    at UtilityScript.<anonymous> (<anonymous>:1:44)
[2026-08-25T16:47:40.259204+00:00] WARN no se pudo traer el detalle del listing 517: Page.evaluate: TypeError: Failed to fetch
    at eval (eval at evaluate (:302:30), <anonymous>:1:8)
    at UtilityScript.evaluate (<anonymous>:309:18)
    at UtilityScript.<anonymous> (<anonymous>:1:44)
[2026-08-25T16:47:40.293009+00:00] WARN no se pudo traer el detalle del listing 517: Page.evaluate: TypeError: Failed to fetch
    at eval (eval at evaluate (:302:30), <anonymous>:1:8)
    at UtilityScript.evaluate (<anonymous>:309:18)
    at UtilityScript.<anonymous> (<anonymous>:1:44)
[2026-08-25T16:47:44.836025+00:00] WARN no se pudo traer el detalle del listing 516: Page.evaluate: TypeError: Failed to fetch
    at eval (eval at evaluate (:302:30), <anonymous>:1:8)
    at UtilityScript.evaluate (<anonymous>:309:18)
    at UtilityScript.<anonymous> (<anonymous>:1:44)
[2026-08-25T16:47:44.870739+00:00] WARN no se pudo traer el detalle del listing 516: Page.evaluate: TypeError: Failed to fetch
    at eval (eval at evaluate (:302:30), <anonymous>:1:8)
    at UtilityScript.evaluate (<anonymous>:309:18)
    at UtilityScript.<anonymous> (<anonymous>:1:44)
[2026-08-25T16:47:53.668758+00:00] WARN no se pudo traer el detalle del listing 509: Page.evaluate: TypeError: Failed to fetch
    at eval (eval at evaluate (:302:30), <anonymous>:1:8)
    at UtilityScript.evaluate (<anonymous>:309:18)
    at UtilityScript.<anonymous> (<anonymous>:1:44)
[2026-08-25T16:47:53.708405+00:00] WARN no se pudo traer el detalle del listing 509: Page.evaluate: TypeError: Failed to fetch
    at eval (eval at evaluate (:302:30), <anonymous>:1:8)
    at UtilityScript.evaluate (<anonymous>:309:18)
    at UtilityScript.<anonymous> (<anonymous>:1:44)
[2026-08-25T16:47:58.256181+00:00] WARN no se pudo traer el detalle del listing 508: Page.evaluate: TypeError: Failed to fetch
    at eval (eval at evaluate (:302:30), <anonymous>:1:8)
    at UtilityScript.evaluate (<anonymous>:309:18)
    at UtilityScript.<anonymous> (<anonymous>:1:44)
[2026-08-25T16:47:58.309012+00:00] WARN no se pudo traer el detalle del listing 508: Page.evaluate: TypeError: Failed to fetch
    at eval (eval at evaluate (:302:30), <anonymous>:1:8)
    at UtilityScript.evaluate (<anonymous>:309:18)
    at UtilityScript.<anonymous> (<anonymous>:1:44)
[2026-08-25T16:48:12.732002+00:00] WARN no se pudo traer el detalle del listing 500: Page.evaluate: TypeError: Failed to fetch
    at eval (eval at evaluate (:302:30), <anonymous>:1:8)
    at UtilityScript.evaluate (<anonymous>:309:18)
    at UtilityScript.<anonymous> (<anonymous>:1:44)
[2026-08-25T16:48:12.767556+00:00] WARN no se pudo traer el detalle del listing 500: Page.evaluate: TypeError: Failed to fetch
    at eval (eval at evaluate (:302:30), <anonymous>:1:8)
    at UtilityScript.evaluate (<anonymous>:309:18)
    at UtilityScript.<anonymous> (<anonymous>:1:44)
[2026-08-25T16:48:17.306803+00:00] WARN no se pudo traer el detalle del listing 498: Page.evaluate: TypeError: Failed to fetch
    at eval (eval at evaluate (:302:30), <anonymous>:1:8)
    at UtilityScript.evaluate (<anonymous>:309:18)
    at UtilityScript.<anonymous> (<anonymous>:1:44)
[2026-08-25T16:48:17.359871+00:00] WARN no se pudo traer el detalle del listing 498: Page.evaluate: TypeError: Failed to fetch
    at eval (eval at evaluate (:302:30), <anonymous>:1:8)
    at UtilityScript.evaluate (<anonymous>:309:18)
    at UtilityScript.<anonymous> (<anonymous>:1:44)
[2026-08-25T16:48:27.948584+00:00] WARN no se pudo traer el detalle del listing 494: Page.evaluate: TypeError: Failed to fetch
    at eval (eval at evaluate (:302:30), <anonymous>:1:8)
    at UtilityScript.evaluate (<anonymous>:309:18)
    at UtilityScript.<anonymous> (<anonymous>:1:44)
[2026-08-25T16:48:27.975478+00:00] WARN no se pudo traer el detalle del listing 494: Page.evaluate: TypeError: Failed to fetch
    at eval (eval at evaluate (:302:30), <anonymous>:1:8)
    at UtilityScript.evaluate (<anonymous>:309:18)
    at UtilityScript.<anonymous> (<anonymous>:1:44)
[2026-08-25T16:48:32.520800+00:00] WARN no se pudo traer el detalle del listing 493: Page.evaluate: TypeError: Failed to fetch
    at eval (eval at evaluate (:302:30), <anonymous>:1:8)
    at UtilityScript.evaluate (<anonymous>:309:18)
    at UtilityScript.<anonymous> (<anonymous>:1:44)
[2026-08-25T16:48:32.560719+00:00] WARN no se pudo traer el detalle del listing 493: Page.evaluate: TypeError: Failed to fetch
    at eval (eval at evaluate (:302:30), <anonymous>:1:8)
    at UtilityScript.evaluate (<anonymous>:309:18)
    at UtilityScript.<anonymous> (<anonymous>:1:44)
[2026-08-25T16:48:40.589983+00:00] WARN no se pudo traer el detalle del listing 484: Page.evaluate: TypeError: Failed to fetch
    at eval (eval at evaluate (:302:30), <anonymous>:1:8)
    at UtilityScript.evaluate (<anonymous>:309:18)
    at UtilityScript.<anonymous> (<anonymous>:1:44)
[2026-08-25T16:48:41.829116+00:00] WARN no se pudo traer el detalle del listing 483: Page.evaluate: TypeError: Failed to fetch
    at eval (eval at evaluate (:302:30), <anonymous>:1:8)
    at UtilityScript.evaluate (<anonymous>:309:18)
    at UtilityScript.<anonymous> (<anonymous>:1:44)
[2026-08-25T16:48:45.170698+00:00] WARN no se pudo traer el detalle del listing 483: Page.evaluate: TypeError: Failed to fetch
    at eval (eval at evaluate (:302:30), <anonymous>:1:8)
    at UtilityScript.evaluate (<anonymous>:309:18)
    at UtilityScript.<anonymous> (<anonymous>:1:44)
[2026-08-25T16:48:46.401733+00:00] WARN no se pudo traer el detalle del listing 477: Page.evaluate: TypeError: Failed to fetch
    at eval (eval at evaluate (:302:30), <anonymous>:1:8)
    at UtilityScript.evaluate (<anonymous>:309:18)
    at UtilityScript.<anonymous> (<anonymous>:1:44)
[2026-08-25T16:48:56.349072+00:00] WARN no se pudo traer el detalle del listing 461: Page.evaluate: TypeError: Failed to fetch
    at eval (eval at evaluate (:302:30), <anonymous>:1:8)
    at UtilityScript.evaluate (<anonymous>:309:18)
    at UtilityScript.<anonymous> (<anonymous>:1:44)
[2026-08-25T16:48:56.369029+00:00] WARN no se pudo traer el detalle del listing 471: Page.evaluate: TypeError: Failed to fetch
    at eval (eval at evaluate (:302:30), <anonymous>:1:8)
    at UtilityScript.evaluate (<anonymous>:309:18)
    at UtilityScript.<anonymous> (<anonymous>:1:44)
[2026-08-25T16:49:00.929995+00:00] WARN no se pudo traer el detalle del listing 460: Page.evaluate: TypeError: Failed to fetch
    at eval (eval at evaluate (:302:30), <anonymous>:1:8)
    at UtilityScript.evaluate (<anonymous>:309:18)
    at UtilityScript.<anonymous> (<anonymous>:1:44)
[2026-08-25T16:49:00.964759+00:00] WARN no se pudo traer el detalle del listing 467: Page.evaluate: TypeError: Failed to fetch
    at eval (eval at evaluate (:302:30), <anonymous>:1:8)
    at UtilityScript.evaluate (<anonymous>:309:18)
    at UtilityScript.<anonymous> (<anonymous>:1:44)
[2026-08-25T16:49:10.030443+00:00] WARN no se pudo traer el detalle del listing 450: Page.evaluate: TypeError: Failed to fetch
    at eval (eval at evaluate (:302:30), <anonymous>:1:8)
    at UtilityScript.evaluate (<anonymous>:309:18)
    at UtilityScript.<anonymous> (<anonymous>:1:44)
[2026-08-25T16:49:10.044369+00:00] WARN no se pudo traer el detalle del listing 457: Page.evaluate: TypeError: Failed to fetch
    at eval (eval at evaluate (:302:30), <anonymous>:1:8)
    at UtilityScript.evaluate (<anonymous>:309:18)
    at UtilityScript.<anonymous> (<anonymous>:1:44)
[2026-08-25T16:49:14.615289+00:00] WARN no se pudo traer el detalle del listing 449: Page.evaluate: TypeError: Failed to fetch
    at eval (eval at evaluate (:302:30), <anonymous>:1:8)
    at UtilityScript.evaluate (<anonymous>:309:18)
    at UtilityScript.<anonymous> (<anonymous>:1:44)
[2026-08-25T16:49:14.651410+00:00] WARN no se pudo traer el detalle del listing 456: Page.evaluate: TypeError: Failed to fetch
    at eval (eval at evaluate (:302:30), <anonymous>:1:8)
    at UtilityScript.evaluate (<anonymous>:309:18)
    at UtilityScript.<anonymous> (<anonymous>:1:44)
[2026-08-25T16:49:22.967111+00:00] WARN no se pudo traer el detalle del listing 447: Page.evaluate: TypeError: Failed to fetch
    at eval (eval at evaluate (:302:30), <anonymous>:1:8)
    at UtilityScript.evaluate (<anonymous>:309:18)
    at UtilityScript.<anonymous> (<anonymous>:1:44)
[2026-08-25T16:49:23.501918+00:00] WARN no se pudo traer el detalle del listing 432: Page.evaluate: TypeError: Failed to fetch
    at eval (eval at evaluate (:302:30), <anonymous>:1:8)
    at UtilityScript.evaluate (<anonymous>:309:18)
    at UtilityScript.<anonymous> (<anonymous>:1:44)
[2026-08-25T16:49:27.546204+00:00] WARN no se pudo traer el detalle del listing 446: Page.evaluate: TypeError: Failed to fetch
    at eval (eval at evaluate (:302:30), <anonymous>:1:8)
    at UtilityScript.evaluate (<anonymous>:309:18)
    at UtilityScript.<anonymous> (<anonymous>:1:44)
[2026-08-25T16:49:28.079908+00:00] WARN no se pudo traer el detalle del listing 429: Page.evaluate: TypeError: Failed to fetch
    at eval (eval at evaluate (:302:30), <anonymous>:1:8)
    at UtilityScript.evaluate (<anonymous>:309:18)
    at UtilityScript.<anonymous> (<anonymous>:1:44)
[2026-08-25T16:49:39.748401+00:00] WARN no se pudo traer el detalle del listing 407: Page.evaluate: TypeError: Failed to fetch
    at eval (eval at evaluate (:302:30), <anonymous>:1:8)
    at UtilityScript.evaluate (<anonymous>:309:18)
    at UtilityScript.<anonymous> (<anonymous>:1:44)
[2026-08-25T16:49:40.055662+00:00] WARN no se pudo traer el detalle del listing 394: Page.evaluate: TypeError: Failed to fetch
    at eval (eval at evaluate (:302:30), <anonymous>:1:8)
    at UtilityScript.evaluate (<anonymous>:309:18)
    at UtilityScript.<anonymous> (<anonymous>:1:44)
[2026-08-25T16:49:44.343009+00:00] WARN no se pudo traer el detalle del listing 405: Page.evaluate: TypeError: Failed to fetch
    at eval (eval at evaluate (:302:30), <anonymous>:1:8)
    at UtilityScript.evaluate (<anonymous>:309:18)
    at UtilityScript.<anonymous> (<anonymous>:1:44)
[2026-08-25T16:49:44.627788+00:00] WARN no se pudo traer el detalle del listing 390: Page.evaluate: TypeError: Failed to fetch
    at eval (eval at evaluate (:302:30), <anonymous>:1:8)
    at UtilityScript.evaluate (<anonymous>:309:18)
    at UtilityScript.<anonymous> (<anonymous>:1:44)
[2026-08-25T16:49:53.741783+00:00] WARN no se pudo traer el detalle del listing 394: Page.evaluate: TypeError: Failed to fetch
    at eval (eval at evaluate (:302:30), <anonymous>:1:8)
    at UtilityScript.evaluate (<anonymous>:309:18)
    at UtilityScript.<anonymous> (<anonymous>:1:44)
[2026-08-25T16:49:54.651854+00:00] WARN no se pudo traer el detalle del listing 361: Page.evaluate: TypeError: Failed to fetch
    at eval (eval at evaluate (:302:30), <anonymous>:1:8)
    at UtilityScript.evaluate (<anonymous>:309:18)
    at UtilityScript.<anonymous> (<anonymous>:1:44)
[2026-08-25T16:49:58.345346+00:00] WARN no se pudo traer el detalle del listing 390: Page.evaluate: TypeError: Failed to fetch
    at eval (eval at evaluate (:302:30), <anonymous>:1:8)
    at UtilityScript.evaluate (<anonymous>:309:18)
    at UtilityScript.<anonymous> (<anonymous>:1:44)
[2026-08-25T16:50:12.621297+00:00] WARN no se pudo traer el detalle del listing 354: Page.evaluate: TypeError: Failed to fetch
    at eval (eval at evaluate (:302:30), <anonymous>:1:8)
    at UtilityScript.evaluate (<anonymous>:309:18)
    at UtilityScript.<anonymous> (<anonymous>:1:44)
[2026-08-25T16:50:17.219413+00:00] WARN no se pudo traer el detalle del listing 353: Page.evaluate: TypeError: Failed to fetch
    at eval (eval at evaluate (:302:30), <anonymous>:1:8)
    at UtilityScript.evaluate (<anonymous>:309:18)
    at UtilityScript.<anonymous> (<anonymous>:1:44)
[2026-08-25T16:50:30.931415+00:00] WARN no se pudo traer el detalle del listing 323: Page.evaluate: TypeError: Failed to fetch
    at eval (eval at evaluate (:302:30), <anonymous>:1:8)
    at UtilityScript.evaluate (<anonymous>:309:18)
    at UtilityScript.<anonymous> (<anonymous>:1:44)
[2026-08-25T16:50:35.518973+00:00] WARN no se pudo traer el detalle del listing 322: Page.evaluate: TypeError: Failed to fetch
    at eval (eval at evaluate (:302:30), <anonymous>:1:8)
    at UtilityScript.evaluate (<anonymous>:309:18)
    at UtilityScript.<anonymous> (<anonymous>:1:44)
[2026-08-25T16:50:48.951567+00:00] WARN no se pudo traer el detalle del listing 259: Page.evaluate: TypeError: Failed to fetch
    at eval (eval at evaluate (:302:30), <anonymous>:1:8)
    at UtilityScript.evaluate (<anonymous>:309:18)
    at UtilityScript.<anonymous> (<anonymous>:1:44)
[2026-08-25T16:50:53.534766+00:00] WARN no se pudo traer el detalle del listing 258: Page.evaluate: TypeError: Failed to fetch
    at eval (eval at evaluate (:302:30), <anonymous>:1:8)
    at UtilityScript.evaluate (<anonymous>:309:18)
    at UtilityScript.<anonymous> (<anonymous>:1:44)
[2026-08-25T16:51:04.881245+00:00] WARN no se pudo traer el detalle del listing 216: Page.evaluate: TypeError: Failed to fetch
    at eval (eval at evaluate (:302:30), <anonymous>:1:8)
    at UtilityScript.evaluate (<anonymous>:309:18)
    at UtilityScript.<anonymous> (<anonymous>:1:44)
[2026-08-25T16:51:09.469898+00:00] WARN no se pudo traer el detalle del listing 211: Page.evaluate: TypeError: Failed to fetch
    at eval (eval at evaluate (:302:30), <anonymous>:1:8)
    at UtilityScript.evaluate (<anonymous>:309:18)
    at UtilityScript.<anonymous> (<anonymous>:1:44)
[2026-08-25T16:51:19.341801+00:00] WARN no se pudo traer el detalle del listing 182: Page.evaluate: TypeError: Failed to fetch
    at eval (eval at evaluate (:302:30), <anonymous>:1:8)
    at UtilityScript.evaluate (<anonymous>:309:18)
    at UtilityScript.<anonymous> (<anonymous>:1:44)
[2026-08-25T16:51:19.577786+00:00] WARN no se pudo traer el detalle del listing 516: Page.evaluate: TypeError: Failed to fetch
    at eval (eval at evaluate (:302:30), <anonymous>:1:8)
    at UtilityScript.evaluate (<anonymous>:309:18)
    at UtilityScript.<anonymous> (<anonymous>:1:44)
[2026-08-25T16:51:23.926780+00:00] WARN no se pudo traer el detalle del listing 180: Page.evaluate: TypeError: Failed to fetch
    at eval (eval at evaluate (:302:30), <anonymous>:1:8)
    at UtilityScript.evaluate (<anonymous>:309:18)
    at UtilityScript.<anonymous> (<anonymous>:1:44)
[2026-08-25T16:51:24.156365+00:00] WARN no se pudo traer el detalle del listing 509: Page.evaluate: TypeError: Failed to fetch
    at eval (eval at evaluate (:302:30), <anonymous>:1:8)
    at UtilityScript.evaluate (<anonymous>:309:18)
    at UtilityScript.<anonymous> (<anonymous>:1:44)
[2026-08-25T16:51:32.391033+00:00] WARN no se pudo traer el detalle del listing 494: Page.evaluate: TypeError: Failed to fetch
    at eval (eval at evaluate (:302:30), <anonymous>:1:8)
    at UtilityScript.evaluate (<anonymous>:309:18)
    at UtilityScript.<anonymous> (<anonymous>:1:44)
[2026-08-25T16:51:32.627368+00:00] WARN no se pudo traer el detalle del listing 141: Page.evaluate: TypeError: Failed to fetch
    at eval (eval at evaluate (:302:30), <anonymous>:1:8)
    at UtilityScript.evaluate (<anonymous>:309:18)
    at UtilityScript.<anonymous> (<anonymous>:1:44)
[2026-08-25T16:51:36.967526+00:00] WARN no se pudo traer el detalle del listing 493: Page.evaluate: TypeError: Failed to fetch
    at eval (eval at evaluate (:302:30), <anonymous>:1:8)
    at UtilityScript.evaluate (<anonymous>:309:18)
    at UtilityScript.<anonymous> (<anonymous>:1:44)
[2026-08-25T16:51:37.217079+00:00] WARN no se pudo traer el detalle del listing 134: Page.evaluate: TypeError: Failed to fetch
    at eval (eval at evaluate (:302:30), <anonymous>:1:8)
    at UtilityScript.evaluate (<anonymous>:309:18)
    at UtilityScript.<anonymous> (<anonymous>:1:44)
[2026-08-25T16:51:47.223831+00:00] WARN no se pudo traer el detalle del listing 38: Page.evaluate: TypeError: Failed to fetch
    at eval (eval at evaluate (:302:30), <anonymous>:1:8)
    at UtilityScript.evaluate (<anonymous>:309:18)
    at UtilityScript.<anonymous> (<anonymous>:1:44)
[2026-08-25T16:51:47.659263+00:00] WARN no se pudo traer el detalle del listing 216: Page.evaluate: TypeError: Failed to fetch
    at eval (eval at evaluate (:302:30), <anonymous>:1:8)
    at UtilityScript.evaluate (<anonymous>:309:18)
    at UtilityScript.<anonymous> (<anonymous>:1:44)
[2026-08-25T16:51:51.809161+00:00] WARN no se pudo traer el detalle del listing 32: Page.evaluate: TypeError: Failed to fetch
    at eval (eval at evaluate (:302:30), <anonymous>:1:8)
    at UtilityScript.evaluate (<anonymous>:309:18)
    at UtilityScript.<anonymous> (<anonymous>:1:44)
[2026-08-25T16:51:52.232214+00:00] WARN no se pudo traer el detalle del listing 211: Page.evaluate: TypeError: Failed to fetch
    at eval (eval at evaluate (:302:30), <anonymous>:1:8)
    at UtilityScript.evaluate (<anonymous>:309:18)
    at UtilityScript.<anonymous> (<anonymous>:1:44)
[2026-08-25T16:51:54.421746+00:00] nuevo_listado | Usualy (listing 553) | Cazador · Enano · Nivel 36 · 75 USDT
[2026-08-25T16:52:00.492125+00:00] WARN no se pudo traer el detalle del listing 160: Page.evaluate: TypeError: Failed to fetch
    at eval (eval at evaluate (:302:30), <anonymous>:1:8)
    at UtilityScript.evaluate (<anonymous>:309:18)
    at UtilityScript.<anonymous> (<anonymous>:1:44)
[2026-08-25T16:52:05.084523+00:00] WARN no se pudo traer el detalle del listing 146: Page.evaluate: TypeError: Failed to fetch
    at eval (eval at evaluate (:302:30), <anonymous>:1:8)
    at UtilityScript.evaluate (<anonymous>:309:18)
    at UtilityScript.<anonymous> (<anonymous>:1:44)
[2026-08-25T16:52:10.808653+00:00] cambio_precio | China Suarez (listing 500) | precio bajó: 80 -> 70 USDT
[2026-08-25T16:53:58.643442+00:00] ERROR consultando blockchain (se reintenta la próxima corrida): Todos los RPC fallaron: {'code': -32005, 'message': 'limit exceeded'}
[2026-08-25T16:56:15.027636+00:00] ERROR consultando blockchain (se reintenta la próxima corrida): Todos los RPC fallaron: {'code': -32005, 'message': 'limit exceeded'}
[2026-08-25T17:01:17.576205+00:00] ERROR consultando blockchain (se reintenta la próxima corrida): Todos los RPC fallaron: {'code': -32005, 'message': 'limit exceeded'}
[2026-08-25T17:06:04.116609+00:00] cambio_precio | ThommyGun (listing 353) | precio subió: 50 -> 55 USDT
[2026-08-25T17:28:34.878125+00:00] cambio_precio | ThommyGun (listing 353) | precio bajó: 55 -> 50 USDT
[2026-08-25T17:56:30.698589+00:00] nuevo_listado | Totelio (listing 554) | Clérigo · Elfo oscuro · Nivel 36 · 140 USDT
[2026-08-25T17:56:32.029351+00:00] retirado_o_vencido | Adelga Mate (listing 446) | 300 USDT | sin transferencia coincidente tras 62 min
[2026-08-25T17:56:32.029488+00:00] retirado_o_vencido | Ephel (listing 494) | 130 USDT | sin transferencia coincidente tras 62 min
[2026-08-25T19:18:17.410037+00:00] nuevo_listado | SJEANE (listing 555) | Druida · Elfo · Nivel 39 · 195 USDT
[2026-08-25T19:18:17.410096+00:00] cambio_precio | Dios Cuervo (listing 512) | precio bajó: 170 -> 110 USDT
[2026-08-25T19:18:17.410577+00:00] cambio_precio | El Tripa (listing 354) | precio bajó: 200 -> 170 USDT
[2026-08-25T19:18:17.410630+00:00] cambio_precio | LMH (listing 361) | precio bajó: 80 -> 70 USDT
[2026-08-25T19:18:17.410815+00:00] cambio_precio | Niv (listing 487) | precio bajó: 199 -> 159 USDT
[2026-08-25T19:18:21.254273+00:00] retirado_o_vencido | China Suarez (listing 500) | 70 USDT | sin transferencia coincidente tras 114 min
[2026-08-25T19:55:57.317172+00:00] cambio_precio | Usualy (listing 553) | precio bajó: 75 -> 68 USDT
[2026-08-25T20:28:51.286629+00:00] nuevo_listado | Kzjnlaw (listing 556) | Bardo · Elfo · Nivel 33 · 70 USDT
[2026-08-25T20:57:47.572050+00:00] cambio_precio | Usualy (listing 553) | precio subió: 68 -> 75 USDT
[2026-08-25T21:32:53.052956+00:00] nuevo_listado | helkaa (listing 557) | Mago · Gnomo · Nivel 35 · 70 USDT
[2026-08-25T23:04:06.601313+00:00] nuevo_listado | Vito (listing 558) | Clérigo · Humano · Nivel 39 · 150 USDT
[2026-08-25T23:04:09.471422+00:00] retirado_o_vencido | Vito (listing 429) | 150 USDT | sin transferencia coincidente tras 63 min
[2026-08-25T23:38:27.782394+00:00] nuevo_listado | Natsuki Subaru (listing 560) | Mago · Elfo · Nivel 39 · 149 USDT
[2026-08-25T23:38:27.782472+00:00] nuevo_listado | Rengarr (listing 559) | Paladín · Elfo oscuro · Nivel 31 · 59 USDT
[2026-08-25T23:38:27.782747+00:00] cambio_precio | Ozich (listing 38) | precio bajó: 500 -> 400 USDT
[2026-08-26T00:00:13.202956+00:00] nuevo_listado | pROPANO (listing 561) | Bardo · Gnomo · Nivel 36 · 90 USDT
[2026-08-26T00:00:13.203031+00:00] nuevo_listado | oDEGARD (listing 562) | Clérigo · Elfo · Nivel 25 · 50 USDT
[2026-08-26T00:00:13.203066+00:00] nuevo_listado | Lelouch (listing 563) | Druida · Elfo · Nivel 44 · 750 USDT
[2026-08-26T01:51:31.948896+00:00] nuevo_listado | Capote (listing 564) | Mago · Elfo · Nivel 42 · 330 USDT
[2026-08-26T01:51:31.948983+00:00] cambio_precio | ELVIRA (listing 522) | precio bajó: 125 -> 115 USDT
[2026-08-26T01:51:31.949035+00:00] cambio_precio | BlackFire (listing 534) | precio bajó: 250 -> 225 USDT
[2026-08-26T01:51:31.949320+00:00] cambio_precio | Nayral (listing 467) | precio bajó: 70 -> 65 USDT
[2026-08-26T03:03:59.003699+00:00] nuevo_listado | Wanda Nara (listing 565) | Mago · Gnomo · Nivel 37 · 100 USDT
[2026-08-26T03:03:59.003752+00:00] nuevo_listado | Maria Soledad (listing 566) | Asesino · Humano · Nivel 33 · 50 USDT
[2026-08-26T03:03:59.003876+00:00] cambio_precio | murat (listing 542) | precio subió: 230 -> 280 USDT
[2026-08-26T03:03:59.003942+00:00] cambio_precio | Rengarr (listing 559) | precio bajó: 59 -> 50 USDT
[2026-08-26T03:03:59.004090+00:00] cambio_precio | Caillou (listing 322) | precio bajó: 65 -> 50 USDT
[2026-08-26T03:03:59.004114+00:00] cambio_precio | Jimi (listing 332) | precio bajó: 380 -> 220 USDT
[2026-08-26T03:03:59.004183+00:00] cambio_precio | Aquaa (listing 377) | precio bajó: 350 -> 300 USDT
[2026-08-26T03:04:01.988833+00:00] retirado_o_vencido | gavilAn (listing 407) | 88 USDT | sin transferencia coincidente tras 72 min
[2026-08-26T03:04:01.988939+00:00] retirado_o_vencido | Chimoltrufia (listing 497) | 145 USDT | sin transferencia coincidente tras 72 min
[2026-08-26T03:04:01.988961+00:00] retirado_o_vencido | Lelouch (listing 563) | 750 USDT | sin transferencia coincidente tras 72 min
[2026-08-26T04:03:26.482019+00:00] cambio_precio | sveNja (listing 458) | precio bajó: 140 -> 130 USDT
[2026-08-26T06:06:20.959828+00:00] nuevo_listado | aheryN (listing 567) | Druida · Elfo · Nivel 36 · 125 USDT
[2026-08-26T06:06:20.960138+00:00] cambio_precio | Vithak (listing 163) | precio bajó: 140 -> 100 USDT
[2026-08-26T07:09:31.045596+00:00] cambio_precio | Klyf (listing 538) | precio bajó: 270 -> 250 USDT
[2026-08-26T07:09:31.045683+00:00] cambio_precio | differeNt (listing 544) | precio bajó: 270 -> 260 USDT
[2026-08-26T13:34:07.642632+00:00] nuevo_listado | ThieveS (listing 568) | Mago · Elfo · Nivel 40 · 190 USDT
[2026-08-26T13:34:07.642848+00:00] cambio_precio | Rhaena (listing 546) | precio bajó: 250 -> 225 USDT
[2026-08-26T13:34:07.642906+00:00] cambio_precio | PATADA (listing 551) | precio bajó: 150 -> 133 USDT
[2026-08-26T13:34:07.643428+00:00] cambio_precio | Krauser (listing 493) | precio bajó: 96 -> 69 USDT
[2026-08-26T16:01:05.817032+00:00] nuevo_listado | Rodry (listing 569) | Mago · Humano · Nivel 41 · 334 USDT
[2026-08-26T16:01:05.817175+00:00] cambio_precio | ITACHl (listing 516) | precio bajó: 99 -> 80 USDT
[2026-08-26T16:01:05.817241+00:00] cambio_precio | Necrofaga (listing 527) | precio subió: 75 -> 85 USDT
[2026-08-26T16:01:05.817400+00:00] cambio_precio | M a (listing 134) | precio bajó: 750 -> 500 USDT
[2026-08-26T16:01:05.817672+00:00] cambio_precio | Jupi (listing 484) | precio bajó: 300 -> 170 USDT
[2026-08-26T16:01:05.817710+00:00] cambio_precio | Pilar (listing 495) | precio subió: 50 -> 70 USDT
[2026-08-26T16:59:51.595703+00:00] nuevo_listado | Teemo (listing 570) | Mago · Humano · Nivel 32 · 55 USDT
[2026-08-26T16:59:51.595774+00:00] nuevo_listado | Lucila Manguera (listing 571) | Cazador · Enano · Nivel 25 · 50 USDT
[2026-08-26T16:59:51.595827+00:00] nuevo_listado | MATALEY (listing 572) | Bardo · Elfo · Nivel 39 · 150 USDT
[2026-08-26T16:59:51.596062+00:00] cambio_precio | Usualy (listing 553) | precio bajó: 75 -> 70 USDT
[2026-08-26T19:12:56.104262+00:00] cambio_precio | El Armenio (listing 359) | precio bajó: 110 -> 100 USDT
[2026-08-26T19:12:56.104480+00:00] cambio_precio | Diir (listing 492) | precio bajó: 250 -> 195 USDT
[2026-08-26T19:12:56.104540+00:00] cambio_precio | Mesami (listing 503) | precio bajó: 140 -> 135 USDT
[2026-08-26T19:12:58.935870+00:00] retirado_o_vencido | MATALEY (listing 525) | 300 USDT | sin transferencia coincidente tras 133 min
[2026-08-26T19:12:58.936053+00:00] retirado_o_vencido | Necrofaga (listing 527) | 85 USDT | sin transferencia coincidente tras 133 min
[2026-08-26T22:09:10.330632+00:00] nuevo_listado | rAZOR (listing 573) | Mago · Gnomo · Nivel 37 · 170 USDT
[2026-08-26T22:09:10.330858+00:00] cambio_precio | Doue (listing 552) | precio bajó: 200 -> 180 USDT
[2026-08-26T22:09:10.331043+00:00] cambio_precio | Neymar (listing 238) | precio bajó: 350 -> 150 USDT
[2026-08-26T22:09:10.331374+00:00] cambio_precio | Mesami (listing 503) | precio bajó: 135 -> 125 USDT
[2026-08-27T03:18:52.883675+00:00] nuevo_listado | Oscuridad (listing 576) | Asesino · Enano · Nivel 34 · 50 USDT
[2026-08-27T03:18:52.883768+00:00] nuevo_listado | MEMU (listing 574) | Paladín · Elfo oscuro · Nivel 42 · 235 USDT
[2026-08-27T03:18:52.883817+00:00] nuevo_listado | lFl (listing 575) | Mago · Elfo · Nivel 33 · 50 USDT
[2026-08-27T03:18:52.883930+00:00] cambio_precio | BlackFire (listing 534) | precio bajó: 225 -> 200 USDT
[2026-08-27T03:18:52.884018+00:00] cambio_precio | Usualy (listing 553) | precio bajó: 70 -> 68 USDT
[2026-08-27T03:18:52.884074+00:00] cambio_precio | aheryN (listing 567) | precio bajó: 125 -> 110 USDT
[2026-08-27T03:18:52.884099+00:00] cambio_precio | ThieveS (listing 568) | precio bajó: 190 -> 180 USDT
[2026-08-27T03:18:52.884128+00:00] cambio_precio | Teemo (listing 570) | precio bajó: 55 -> 50 USDT
[2026-08-27T03:18:52.884199+00:00] cambio_precio | VESSLAN (listing 180) | precio bajó: 400 -> 250 USDT
[2026-08-27T03:18:52.884320+00:00] cambio_precio | Jimi (listing 332) | precio bajó: 220 -> 155 USDT
[2026-08-27T03:18:52.884366+00:00] cambio_precio | Ruths (listing 349) | precio bajó: 150 -> 90 USDT
[2026-08-27T03:18:52.884403+00:00] cambio_precio | LMH (listing 361) | precio bajó: 70 -> 65 USDT
[2026-08-27T03:18:52.884502+00:00] cambio_precio | Aheel (listing 456) | precio bajó: 380 -> 320 USDT
[2026-08-27T03:18:52.884529+00:00] cambio_precio | sveNja (listing 458) | precio bajó: 130 -> 120 USDT
[2026-08-27T03:18:52.884618+00:00] cambio_precio | Mario Moran (listing 501) | precio bajó: 175 -> 160 USDT
[2026-08-27T03:18:58.862990+00:00] retirado_o_vencido | rAZOR (listing 543) | 225 USDT | sin transferencia coincidente tras 309 min
[2026-08-27T03:18:58.863076+00:00] retirado_o_vencido | oDEGARD (listing 562) | 50 USDT | sin transferencia coincidente tras 309 min
[2026-08-27T14:27:22.545904+00:00] nuevo_listado | QuritA (listing 577) | Mago · Elfo · Nivel 34 · 65 USDT
[2026-08-27T14:27:22.545976+00:00] nuevo_listado | DOBB (listing 578) | Paladín · Elfo · Nivel 28 · 50 USDT
[2026-08-27T14:27:22.546028+00:00] nuevo_listado | Mifky (listing 579) | Mago · Gnomo · Nivel 40 · 145 USDT
[2026-08-27T14:27:22.546120+00:00] cambio_precio | Revel Stoke (listing 514) | precio bajó: 350 -> 200 USDT
[2026-08-27T14:27:22.546216+00:00] cambio_precio | Krivens (listing 529) | precio bajó: 200 -> 170 USDT
[2026-08-27T14:27:22.546263+00:00] cambio_precio | Viserys (listing 530) | precio bajó: 170 -> 160 USDT
[2026-08-27T14:27:22.546307+00:00] cambio_precio | MARK (listing 531) | precio bajó: 70 -> 60 USDT
[2026-08-27T14:27:22.546393+00:00] cambio_precio | gialE (listing 532) | precio bajó: 170 -> 160 USDT
[2026-08-27T14:27:22.546485+00:00] cambio_precio | murat (listing 542) | precio bajó: 280 -> 180 USDT
[2026-08-27T14:27:22.546533+00:00] cambio_precio | differeNt (listing 544) | precio bajó: 260 -> 250 USDT
[2026-08-27T14:27:22.546582+00:00] cambio_precio | Gwayne (listing 548) | precio bajó: 219 -> 200 USDT
[2026-08-27T14:27:22.546668+00:00] cambio_precio | Capote (listing 564) | precio bajó: 330 -> 280 USDT
[2026-08-27T14:27:22.546769+00:00] cambio_precio | Presi Dacca (listing 133) | precio bajó: 250 -> 200 USDT
[2026-08-27T14:27:22.546833+00:00] cambio_precio | VESSLAN (listing 180) | precio bajó: 250 -> 150 USDT
[2026-08-27T14:27:22.546897+00:00] cambio_precio | wachina (listing 211) | precio subió: 260 -> 300 USDT
[2026-08-27T14:27:22.547067+00:00] cambio_precio | El Tripa (listing 354) | precio bajó: 170 -> 155 USDT
[2026-08-27T14:27:22.547266+00:00] cambio_precio | UndentifieD (listing 496) | precio subió: 89 -> 100 USDT
[2026-08-27T14:27:47.218671+00:00] retirado_o_vencido | Mayseck (listing 477) | 50 USDT | sin transferencia coincidente tras 668 min
[2026-08-27T14:27:47.218796+00:00] retirado_o_vencido | MEMU (listing 523) | 260 USDT | sin transferencia coincidente tras 668 min
[2026-08-27T14:27:47.218864+00:00] vendido | Jupi (listing 484) | 170 USDT | tx 0x7dc38aeb64bcfb4fe991fabe80ac0e59b469e4176d574674c928605490540751 | comprador 0xbd612a3f30dca67bf60a39fd0d35e39b7ab80774
